
> portofolio@0.1.0 build
> react-scripts build

Creating an optimized production build...
node.exe : Browserslist: 
browsers data (caniuse-lite) 
is 7 months old. Please run:
At line:1 char:1
+ & "C:\Program 
Files\nodejs/node.exe" 
"C:\Program 
Files\nodejs/node_mo ...
+ ~~~~~~~~~~~~~~~~~~~~~~~~~~~~
~~~~~~~~~~~~~~~~~~~~~~~~~~~~~~
~~~~~~~~~~~
    + CategoryInfo            
  : NotSpecified:     
(Browserslist: b...l    d. 
Please run::Strin    g) [], 
RemoteExcepti    on
    + FullyQualifiedErro    
rId : NativeCommandE    rror
 
  npx 
update-browserslist-db@latest
  Why you should do it 
regularly: https://github.com/
browserslist/update-db#readme
Browserslist: browsers data 
(caniuse-lite) is 7 months 
old. Please run:
  npx 
update-browserslist-db@latest
  Why you should do it 
regularly: https://github.com/
browserslist/update-db#readme

Treating warnings as errors because process.env.CI = true.
Most CI servers set it automatically.

Failed to compile.

[eslint] 
src\App.js
  Line 2:8:   'Navbar' is defined but never used      no-unused-vars
  Line 3:8:   'Hero' is defined but never used        no-unused-vars
  Line 4:8:   'About' is defined but never used       no-unused-vars
  Line 5:8:   'Projects' is defined but never used    no-unused-vars
  Line 6:8:   'Contact' is defined but never used     no-unused-vars
  Line 9:8:   'Skills' is defined but never used      no-unused-vars
  Line 10:8:  'Experience' is defined but never used  no-unused-vars
  Line 11:8:  'Footer' is defined but never used      no-unused-vars

src\components\About.js
  Line 5:34:  'FaPhone' is defined but never used  no-unused-vars

src\components\Navbar.js
  Line 6:10:  'Link' is defined but never used  no-unused-vars

src\components\Projects.js
  Line 6:10:  'ExternalLink' is defined but never used  no-unused-vars
  Line 6:32:  'Play' is defined but never used          no-unused-vars

src\components\Skills.js
  Line 1:17:  'useState' is defined but never used   no-unused-vars
  Line 1:27:  'useEffect' is defined but never used  no-unused-vars


